****************************************
Report : qor
        -summary
Design : MEMCTRL
Version: U-2022.12-SP1
Date   : Wed Nov 27 03:43:14 2024
****************************************
Information: Timer using 'CRPR'. (TIM-050)

Timing
---------------------------------------------------------------------------
Context                                 WNS            TNS            NVE
---------------------------------------------------------------------------
func.ff_125c       (Setup)            0.621          0.000              0
func.ff_n40c       (Setup)            0.629          0.000              0
func.ss_125c       (Setup)            0.440          0.000              0
func.ss_n40c       (Setup)            0.371          0.000              0
Design             (Setup)            0.371          0.000              0

func.ff_125c       (Hold)             0.025          0.000              0
func.ff_n40c       (Hold)             0.007          0.000              0
func.ss_125c       (Hold)             0.302          0.000              0
func.ss_n40c       (Hold)             0.397          0.000              0
Design             (Hold)             0.007          0.000              0
---------------------------------------------------------------------------

Miscellaneous
---------------------------------------------------------------------------
Cell Area (netlist):                         63669.738
Cell Area (netlist and physical only):       63669.738
Nets with DRC Violations:        0
1
